
Discarded input sections

 .group         0x00000000        0xc ./source/App.o
 .group         0x00000000        0xc ./source/App.o
 .group         0x00000000        0xc ./source/App.o
 .group         0x00000000        0xc ./source/App.o
 .group         0x00000000        0xc ./source/App.o
 .group         0x00000000        0xc ./source/App.o
 .text          0x00000000        0x0 ./source/App.o
 .data          0x00000000        0x0 ./source/App.o
 .bss           0x00000000        0x0 ./source/App.o
 .group         0x00000000        0xc ./source/PIT.o
 .group         0x00000000        0xc ./source/PIT.o
 .group         0x00000000        0xc ./source/PIT.o
 .group         0x00000000        0xc ./source/PIT.o
 .group         0x00000000        0xc ./source/PIT.o
 .group         0x00000000        0xc ./source/PIT.o
 .group         0x00000000        0xc ./source/PIT.o
 .group         0x00000000        0xc ./source/PIT.o
 .group         0x00000000        0xc ./source/PIT.o
 .group         0x00000000        0xc ./source/PIT.o
 .group         0x00000000        0xc ./source/PIT.o
 .group         0x00000000        0xc ./source/PIT.o
 .group         0x00000000        0xc ./source/PIT.o
 .group         0x00000000        0xc ./source/PIT.o
 .group         0x00000000        0xc ./source/PIT.o
 .text          0x00000000        0x0 ./source/PIT.o
 .data          0x00000000        0x0 ./source/PIT.o
 .bss           0x00000000        0x0 ./source/PIT.o
 .text.__NVIC_EnableIRQ
                0x00000000       0x3c ./source/PIT.o
 .text.initPIT  0x00000000       0x58 ./source/PIT.o
 .text.createTimer
                0x00000000       0xb0 ./source/PIT.o
 .text.configTimerTime
                0x00000000       0x84 ./source/PIT.o
 .text.destroyTimer
                0x00000000       0x48 ./source/PIT.o
 .text.startTimer
                0x00000000       0x54 ./source/PIT.o
 .text.stopTimer
                0x00000000       0x54 ./source/PIT.o
 .text.getTime  0x00000000       0x28 ./source/PIT.o
 .text.getTimerState
                0x00000000       0x24 ./source/PIT.o
 .debug_macro   0x00000000      0xa5a ./source/PIT.o
 .debug_macro   0x00000000      0x34e ./source/PIT.o
 .debug_macro   0x00000000       0x22 ./source/PIT.o
 .group         0x00000000        0xc ./source/Queue.o
 .group         0x00000000        0xc ./source/Queue.o
 .group         0x00000000        0xc ./source/Queue.o
 .group         0x00000000        0xc ./source/Queue.o
 .group         0x00000000        0xc ./source/Queue.o
 .group         0x00000000        0xc ./source/Queue.o
 .group         0x00000000        0xc ./source/Queue.o
 .group         0x00000000        0xc ./source/Queue.o
 .group         0x00000000        0xc ./source/Queue.o
 .group         0x00000000        0xc ./source/Queue.o
 .group         0x00000000        0xc ./source/Queue.o
 .group         0x00000000        0xc ./source/Queue.o
 .group         0x00000000        0xc ./source/Queue.o
 .group         0x00000000        0xc ./source/Queue.o
 .group         0x00000000        0xc ./source/Queue.o
 .group         0x00000000        0xc ./source/Queue.o
 .group         0x00000000        0xc ./source/Queue.o
 .group         0x00000000        0xc ./source/Queue.o
 .group         0x00000000        0xc ./source/Queue.o
 .group         0x00000000        0xc ./source/Queue.o
 .group         0x00000000        0xc ./source/Queue.o
 .text          0x00000000        0x0 ./source/Queue.o
 .data          0x00000000        0x0 ./source/Queue.o
 .bss           0x00000000        0x0 ./source/Queue.o
 .text.pop      0x00000000       0x7e ./source/Queue.o
 .text.getNextArray
                0x00000000       0x5e ./source/Queue.o
 .text.putArray
                0x00000000       0x5a ./source/Queue.o
 .text.readValue
                0x00000000       0x3a ./source/Queue.o
 .debug_macro   0x00000000      0xa5a ./source/Queue.o
 .debug_macro   0x00000000       0x22 ./source/Queue.o
 .debug_macro   0x00000000      0x34e ./source/Queue.o
 .group         0x00000000        0xc ./source/gpio.o
 .group         0x00000000        0xc ./source/gpio.o
 .group         0x00000000        0xc ./source/gpio.o
 .group         0x00000000        0xc ./source/gpio.o
 .group         0x00000000        0xc ./source/gpio.o
 .group         0x00000000        0xc ./source/gpio.o
 .group         0x00000000        0xc ./source/gpio.o
 .group         0x00000000        0xc ./source/gpio.o
 .group         0x00000000        0xc ./source/gpio.o
 .group         0x00000000        0xc ./source/gpio.o
 .group         0x00000000        0xc ./source/gpio.o
 .group         0x00000000        0xc ./source/gpio.o
 .text          0x00000000        0x0 ./source/gpio.o
 .data          0x00000000        0x0 ./source/gpio.o
 .bss           0x00000000        0x0 ./source/gpio.o
 .text.__NVIC_EnableIRQ
                0x00000000       0x3c ./source/gpio.o
 .text.gpioRead
                0x00000000       0x48 ./source/gpio.o
 .text.gpioIRQ  0x00000000      0x120 ./source/gpio.o
 .debug_macro   0x00000000      0xa5a ./source/gpio.o
 .debug_macro   0x00000000      0x34e ./source/gpio.o
 .debug_macro   0x00000000       0x22 ./source/gpio.o
 .debug_macro   0x00000000       0x5c ./source/gpio.o
 .debug_macro   0x00000000       0x1c ./source/gpio.o
 .debug_macro   0x00000000       0x22 ./source/gpio.o
 .debug_macro   0x00000000       0xdf ./source/gpio.o
 .debug_macro   0x00000000      0xecf ./source/gpio.o
 .debug_macro   0x00000000       0x48 ./source/gpio.o
 .debug_macro   0x00000000     0xe07b ./source/gpio.o
 .debug_macro   0x00000000       0x52 ./source/gpio.o
 .group         0x00000000        0xc ./source/uart.o
 .group         0x00000000        0xc ./source/uart.o
 .group         0x00000000        0xc ./source/uart.o
 .group         0x00000000        0xc ./source/uart.o
 .group         0x00000000        0xc ./source/uart.o
 .group         0x00000000        0xc ./source/uart.o
 .group         0x00000000        0xc ./source/uart.o
 .group         0x00000000        0xc ./source/uart.o
 .group         0x00000000        0xc ./source/uart.o
 .group         0x00000000        0xc ./source/uart.o
 .group         0x00000000        0xc ./source/uart.o
 .group         0x00000000        0xc ./source/uart.o
 .group         0x00000000        0xc ./source/uart.o
 .group         0x00000000        0xc ./source/uart.o
 .group         0x00000000        0xc ./source/uart.o
 .group         0x00000000        0xc ./source/uart.o
 .text          0x00000000        0x0 ./source/uart.o
 .data          0x00000000        0x0 ./source/uart.o
 .bss           0x00000000        0x0 ./source/uart.o
 .text.uartWriteMsg
                0x00000000       0x6c ./source/uart.o
 .text.uartWriteString
                0x00000000       0x9c ./source/uart.o
 .text.uartReadMsg
                0x00000000       0x5c ./source/uart.o
 .text.uartIsRxMsg
                0x00000000       0x38 ./source/uart.o
 .text.uartGetRxMsgLength
                0x00000000       0x30 ./source/uart.o
 .debug_macro   0x00000000      0xa5a ./source/uart.o
 .debug_macro   0x00000000      0x34e ./source/uart.o
 .debug_macro   0x00000000       0x22 ./source/uart.o
 .debug_macro   0x00000000       0x5c ./source/uart.o
 .debug_macro   0x00000000       0x1c ./source/uart.o
 .debug_macro   0x00000000       0x22 ./source/uart.o
 .debug_macro   0x00000000       0xdf ./source/uart.o
 .debug_macro   0x00000000      0xecf ./source/uart.o
 .debug_macro   0x00000000       0x48 ./source/uart.o
 .debug_macro   0x00000000     0xe07b ./source/uart.o
 .debug_macro   0x00000000       0x10 ./source/uart.o
 .debug_macro   0x00000000     0x122b ./source/uart.o
 .debug_macro   0x00000000       0x16 ./source/uart.o
 .debug_macro   0x00000000       0x52 ./source/uart.o
 .group         0x00000000        0xc ./SDK/startup/hardware.o
 .group         0x00000000        0xc ./SDK/startup/hardware.o
 .group         0x00000000        0xc ./SDK/startup/hardware.o
 .group         0x00000000        0xc ./SDK/startup/hardware.o
 .group         0x00000000        0xc ./SDK/startup/hardware.o
 .group         0x00000000        0xc ./SDK/startup/hardware.o
 .group         0x00000000        0xc ./SDK/startup/hardware.o
 .group         0x00000000        0xc ./SDK/startup/hardware.o
 .group         0x00000000        0xc ./SDK/startup/hardware.o
 .group         0x00000000        0xc ./SDK/startup/hardware.o
 .group         0x00000000        0xc ./SDK/startup/hardware.o
 .group         0x00000000        0xc ./SDK/startup/hardware.o
 .group         0x00000000        0xc ./SDK/startup/hardware.o
 .text          0x00000000        0x0 ./SDK/startup/hardware.o
 .data          0x00000000        0x0 ./SDK/startup/hardware.o
 .bss           0x00000000        0x0 ./SDK/startup/hardware.o
 .debug_macro   0x00000000      0xa5a ./SDK/startup/hardware.o
 .debug_macro   0x00000000      0x34e ./SDK/startup/hardware.o
 .debug_macro   0x00000000       0x22 ./SDK/startup/hardware.o
 .debug_macro   0x00000000       0x10 ./SDK/startup/hardware.o
 .debug_macro   0x00000000       0x5c ./SDK/startup/hardware.o
 .debug_macro   0x00000000       0x1c ./SDK/startup/hardware.o
 .debug_macro   0x00000000       0x22 ./SDK/startup/hardware.o
 .debug_macro   0x00000000       0xdf ./SDK/startup/hardware.o
 .debug_macro   0x00000000      0xecf ./SDK/startup/hardware.o
 .debug_macro   0x00000000       0x48 ./SDK/startup/hardware.o
 .debug_macro   0x00000000     0xe07b ./SDK/startup/hardware.o
 .debug_macro   0x00000000     0x122b ./SDK/startup/hardware.o
 .debug_macro   0x00000000       0x16 ./SDK/startup/hardware.o
 .group         0x00000000        0xc ./SDK/startup/main.o
 .group         0x00000000        0xc ./SDK/startup/main.o
 .group         0x00000000        0xc ./SDK/startup/main.o
 .group         0x00000000        0xc ./SDK/startup/main.o
 .group         0x00000000        0xc ./SDK/startup/main.o
 .group         0x00000000        0xc ./SDK/startup/main.o
 .group         0x00000000        0xc ./SDK/startup/main.o
 .group         0x00000000        0xc ./SDK/startup/main.o
 .group         0x00000000        0xc ./SDK/startup/main.o
 .group         0x00000000        0xc ./SDK/startup/main.o
 .group         0x00000000        0xc ./SDK/startup/main.o
 .group         0x00000000        0xc ./SDK/startup/main.o
 .group         0x00000000        0xc ./SDK/startup/main.o
 .text          0x00000000        0x0 ./SDK/startup/main.o
 .data          0x00000000        0x0 ./SDK/startup/main.o
 .bss           0x00000000        0x0 ./SDK/startup/main.o
 .debug_macro   0x00000000      0xa5a ./SDK/startup/main.o
 .debug_macro   0x00000000      0x34e ./SDK/startup/main.o
 .debug_macro   0x00000000       0x22 ./SDK/startup/main.o
 .debug_macro   0x00000000       0x10 ./SDK/startup/main.o
 .debug_macro   0x00000000       0x5c ./SDK/startup/main.o
 .debug_macro   0x00000000       0x1c ./SDK/startup/main.o
 .debug_macro   0x00000000       0x22 ./SDK/startup/main.o
 .debug_macro   0x00000000       0xdf ./SDK/startup/main.o
 .debug_macro   0x00000000      0xecf ./SDK/startup/main.o
 .debug_macro   0x00000000       0x48 ./SDK/startup/main.o
 .debug_macro   0x00000000     0xe07b ./SDK/startup/main.o
 .debug_macro   0x00000000     0x122b ./SDK/startup/main.o
 .debug_macro   0x00000000       0x16 ./SDK/startup/main.o
 .group         0x00000000        0xc ./SDK/startup/semihost_hardfault.o
 .text          0x00000000        0x0 ./SDK/startup/semihost_hardfault.o
 .data          0x00000000        0x0 ./SDK/startup/semihost_hardfault.o
 .bss           0x00000000        0x0 ./SDK/startup/semihost_hardfault.o
 .debug_macro   0x00000000      0xa5a ./SDK/startup/semihost_hardfault.o
 .group         0x00000000        0xc ./SDK/startup/startup_mk64f12.o
 .text          0x00000000        0x0 ./SDK/startup/startup_mk64f12.o
 .data          0x00000000        0x0 ./SDK/startup/startup_mk64f12.o
 .bss           0x00000000        0x0 ./SDK/startup/startup_mk64f12.o
 .text.UART0_RX_TX_IRQHandler
                0x00000000        0x8 ./SDK/startup/startup_mk64f12.o
 .text.UART1_RX_TX_IRQHandler
                0x00000000        0x8 ./SDK/startup/startup_mk64f12.o
 .text.UART2_RX_TX_IRQHandler
                0x00000000        0x8 ./SDK/startup/startup_mk64f12.o
 .text.UART3_RX_TX_IRQHandler
                0x00000000        0x8 ./SDK/startup/startup_mk64f12.o
 .text.PIT0_IRQHandler
                0x00000000        0x8 ./SDK/startup/startup_mk64f12.o
 .text.PIT1_IRQHandler
                0x00000000        0x8 ./SDK/startup/startup_mk64f12.o
 .text.PIT2_IRQHandler
                0x00000000        0x8 ./SDK/startup/startup_mk64f12.o
 .text.PIT3_IRQHandler
                0x00000000        0x8 ./SDK/startup/startup_mk64f12.o
 .text.PORTA_IRQHandler
                0x00000000        0x8 ./SDK/startup/startup_mk64f12.o
 .text.PORTB_IRQHandler
                0x00000000        0x8 ./SDK/startup/startup_mk64f12.o
 .text.PORTC_IRQHandler
                0x00000000        0x8 ./SDK/startup/startup_mk64f12.o
 .text.PORTD_IRQHandler
                0x00000000        0x8 ./SDK/startup/startup_mk64f12.o
 .text.PORTE_IRQHandler
                0x00000000        0x8 ./SDK/startup/startup_mk64f12.o
 .text.UART4_RX_TX_IRQHandler
                0x00000000        0x8 ./SDK/startup/startup_mk64f12.o
 .debug_macro   0x00000000      0xa5a ./SDK/startup/startup_mk64f12.o
 .group         0x00000000        0xc ./SDK/CMSIS/system_MK64F12.o
 .group         0x00000000        0xc ./SDK/CMSIS/system_MK64F12.o
 .group         0x00000000        0xc ./SDK/CMSIS/system_MK64F12.o
 .group         0x00000000        0xc ./SDK/CMSIS/system_MK64F12.o
 .group         0x00000000        0xc ./SDK/CMSIS/system_MK64F12.o
 .group         0x00000000        0xc ./SDK/CMSIS/system_MK64F12.o
 .group         0x00000000        0xc ./SDK/CMSIS/system_MK64F12.o
 .group         0x00000000        0xc ./SDK/CMSIS/system_MK64F12.o
 .group         0x00000000        0xc ./SDK/CMSIS/system_MK64F12.o
 .group         0x00000000        0xc ./SDK/CMSIS/system_MK64F12.o
 .group         0x00000000        0xc ./SDK/CMSIS/system_MK64F12.o
 .text          0x00000000        0x0 ./SDK/CMSIS/system_MK64F12.o
 .data          0x00000000        0x0 ./SDK/CMSIS/system_MK64F12.o
 .bss           0x00000000        0x0 ./SDK/CMSIS/system_MK64F12.o
 .data.SystemCoreClock
                0x00000000        0x4 ./SDK/CMSIS/system_MK64F12.o
 .text.SystemCoreClockUpdate
                0x00000000      0x278 ./SDK/CMSIS/system_MK64F12.o
 .debug_macro   0x00000000      0xa5a ./SDK/CMSIS/system_MK64F12.o
 .debug_macro   0x00000000      0x34e ./SDK/CMSIS/system_MK64F12.o
 .debug_macro   0x00000000       0x10 ./SDK/CMSIS/system_MK64F12.o
 .debug_macro   0x00000000       0x5c ./SDK/CMSIS/system_MK64F12.o
 .debug_macro   0x00000000       0x1c ./SDK/CMSIS/system_MK64F12.o
 .debug_macro   0x00000000       0x22 ./SDK/CMSIS/system_MK64F12.o
 .debug_macro   0x00000000       0xdf ./SDK/CMSIS/system_MK64F12.o
 .debug_macro   0x00000000      0xecf ./SDK/CMSIS/system_MK64F12.o
 .debug_macro   0x00000000       0x48 ./SDK/CMSIS/system_MK64F12.o
 .debug_macro   0x00000000     0xe07b ./SDK/CMSIS/system_MK64F12.o
 .debug_macro   0x00000000     0x122b ./SDK/CMSIS/system_MK64F12.o

Memory Configuration

Name             Origin             Length             Attributes
PROGRAM_FLASH    0x00000000         0x00100000         xr
SRAM_UPPER       0x20000000         0x00030000         xrw
SRAM_LOWER       0x1fff0000         0x00010000         xrw
FLEX_RAM         0x14000000         0x00001000         xrw
*default*        0x00000000         0xffffffff

Linker script and memory map

LOAD ./source/App.o
LOAD ./source/PIT.o
LOAD ./source/Queue.o
LOAD ./source/gpio.o
LOAD ./source/uart.o
LOAD ./SDK/startup/hardware.o
LOAD ./SDK/startup/main.o
LOAD ./SDK/startup/semihost_hardfault.o
LOAD ./SDK/startup/startup_mk64f12.o
LOAD ./SDK/CMSIS/system_MK64F12.o
START GROUP
LOAD d:/programas/mcuxpressoide_10.2.0_759/ide/tools/bin/../lib/gcc/arm-none-eabi/7.2.1/../../../../arm-none-eabi/lib/thumb/v7e-m/fpv4-sp/hard\libcr_c.a
LOAD d:/programas/mcuxpressoide_10.2.0_759/ide/tools/bin/../lib/gcc/arm-none-eabi/7.2.1/thumb/v7e-m/fpv4-sp/hard\libcr_eabihelpers.a
END GROUP
                0x00000000                __base_PROGRAM_FLASH = 0x0
                0x00000000                __base_Flash = 0x0
                0x00100000                __top_PROGRAM_FLASH = 0x100000
                0x00100000                __top_Flash = 0x100000
                0x20000000                __base_SRAM_UPPER = 0x20000000
                0x20000000                __base_RAM = 0x20000000
                0x20030000                __top_SRAM_UPPER = 0x20030000
                0x20030000                __top_RAM = 0x20030000
                0x1fff0000                __base_SRAM_LOWER = 0x1fff0000
                0x1fff0000                __base_RAM2 = 0x1fff0000
                0x20000000                __top_SRAM_LOWER = 0x20000000
                0x20000000                __top_RAM2 = 0x20000000
                0x14000000                __base_FLEX_RAM = 0x14000000
                0x14000000                __base_RAM3 = 0x14000000
                0x14001000                __top_FLEX_RAM = 0x14001000
                0x14001000                __top_RAM3 = 0x14001000

.text           0x00000000     0x19a8
 FILL mask 0xff
                0x00000000                __vectors_start__ = ABSOLUTE (.)
 *(SORT_BY_ALIGNMENT(.isr_vector))
 .isr_vector    0x00000000      0x198 ./SDK/startup/startup_mk64f12.o
                0x00000000                g_pfnVectors
                0x00000000                __Vectors
                0x00000198                . = ALIGN (0x4)
                0x00000198                __section_table_start = .
                0x00000198                __data_section_table = .
                0x00000198        0x4 LONG 0x19a8 LOADADDR (.data)
                0x0000019c        0x4 LONG 0x20000000 ADDR (.data)
                0x000001a0        0x4 LONG 0x1f70 SIZEOF (.data)
                0x000001a4        0x4 LONG 0x19a8 LOADADDR (.data_RAM2)
                0x000001a8        0x4 LONG 0x1fff0000 ADDR (.data_RAM2)
                0x000001ac        0x4 LONG 0x0 SIZEOF (.data_RAM2)
                0x000001b0        0x4 LONG 0x19a8 LOADADDR (.data_RAM3)
                0x000001b4        0x4 LONG 0x14000000 ADDR (.data_RAM3)
                0x000001b8        0x4 LONG 0x0 SIZEOF (.data_RAM3)
                0x000001bc                __data_section_table_end = .
                0x000001bc                __bss_section_table = .
                0x000001bc        0x4 LONG 0x20001f70 ADDR (.bss)
                0x000001c0        0x4 LONG 0x2b0 SIZEOF (.bss)
                0x000001c4        0x4 LONG 0x1fff0000 ADDR (.bss_RAM2)
                0x000001c8        0x4 LONG 0x0 SIZEOF (.bss_RAM2)
                0x000001cc        0x4 LONG 0x14000000 ADDR (.bss_RAM3)
                0x000001d0        0x4 LONG 0x0 SIZEOF (.bss_RAM3)
                0x000001d4                __bss_section_table_end = .
                0x000001d4                __section_table_end = .
 *(SORT_BY_ALIGNMENT(.after_vectors*))
 .after_vectors.reset
                0x000001d4       0x4c ./SDK/startup/startup_mk64f12.o
                0x000001d4                ResetISR
 .after_vectors.init_data
                0x00000220       0x1e ./SDK/startup/startup_mk64f12.o
                0x00000220                data_init
 .after_vectors.init_bss
                0x0000023e       0x12 ./SDK/startup/startup_mk64f12.o
                0x0000023e                bss_init
 .after_vectors
                0x00000250       0x14 ./SDK/startup/startup_mk64f12.o
                0x00000250                NMI_Handler
                0x00000254                MemManage_Handler
                0x00000256                BusFault_Handler
                0x00000258                UsageFault_Handler
                0x0000025a                SVC_Handler
                0x0000025c                DebugMon_Handler
                0x0000025e                PendSV_Handler
                0x00000260                SysTick_Handler
                0x00000262                DMA_Error_DriverIRQHandler
                0x00000262                LPTMR0_DriverIRQHandler
                0x00000262                FTM1_DriverIRQHandler
                0x00000262                FTM2_DriverIRQHandler
                0x00000262                PIT2_DriverIRQHandler
                0x00000262                SDHC_DriverIRQHandler
                0x00000262                I2S0_Tx_DriverIRQHandler
                0x00000262                RTC_Seconds_DriverIRQHandler
                0x00000262                DMA6_DriverIRQHandler
                0x00000262                LLWU_DriverIRQHandler
                0x00000262                MCM_DriverIRQHandler
                0x00000262                MCG_DriverIRQHandler
                0x00000262                ENET_1588_Timer_DriverIRQHandler
                0x00000262                I2C2_DriverIRQHandler
                0x00000262                DAC1_DriverIRQHandler
                0x00000262                SPI1_DriverIRQHandler
                0x00000262                CMP1_DriverIRQHandler
                0x00000262                UART5_RX_TX_DriverIRQHandler
                0x00000262                FTM0_DriverIRQHandler
                0x00000262                IntDefaultHandler
                0x00000262                USB0_DriverIRQHandler
                0x00000262                UART5_ERR_DriverIRQHandler
                0x00000262                PORTC_DriverIRQHandler
                0x00000262                DMA11_DriverIRQHandler
                0x00000262                DAC0_DriverIRQHandler
                0x00000262                DMA10_DriverIRQHandler
                0x00000262                CMP2_DriverIRQHandler
                0x00000262                UART2_ERR_DriverIRQHandler
                0x00000262                SPI2_DriverIRQHandler
                0x00000262                LVD_LVW_DriverIRQHandler
                0x00000262                PIT0_DriverIRQHandler
                0x00000262                RNG_DriverIRQHandler
                0x00000262                DMA12_DriverIRQHandler
                0x00000262                DMA4_DriverIRQHandler
                0x00000262                UART2_RX_TX_DriverIRQHandler
                0x00000262                USBDCD_DriverIRQHandler
                0x00000262                UART3_ERR_DriverIRQHandler
                0x00000262                DMA3_DriverIRQHandler
                0x00000262                DMA8_DriverIRQHandler
                0x00000262                DMA9_DriverIRQHandler
                0x00000262                UART0_ERR_DriverIRQHandler
                0x00000262                CMT_DriverIRQHandler
                0x00000262                Reserved71_DriverIRQHandler
                0x00000262                ADC1_DriverIRQHandler
                0x00000262                PORTA_DriverIRQHandler
                0x00000262                DMA14_DriverIRQHandler
                0x00000262                PIT3_DriverIRQHandler
                0x00000262                PIT1_DriverIRQHandler
                0x00000262                WDOG_EWM_DriverIRQHandler
                0x00000262                PDB0_DriverIRQHandler
                0x00000262                RTC_DriverIRQHandler
                0x00000262                I2S0_Rx_DriverIRQHandler
                0x00000262                Read_Collision_DriverIRQHandler
                0x00000262                SWI_DriverIRQHandler
                0x00000262                UART4_RX_TX_DriverIRQHandler
                0x00000262                UART4_ERR_DriverIRQHandler
                0x00000262                PORTB_DriverIRQHandler
                0x00000262                UART0_LON_DriverIRQHandler
                0x00000262                DMA0_DriverIRQHandler
                0x00000262                DMA1_DriverIRQHandler
                0x00000262                I2C1_DriverIRQHandler
                0x00000262                UART3_RX_TX_DriverIRQHandler
                0x00000262                ENET_Receive_DriverIRQHandler
                0x00000262                DMA13_DriverIRQHandler
                0x00000262                ENET_Error_DriverIRQHandler
                0x00000262                DMA15_DriverIRQHandler
                0x00000262                UART0_RX_TX_DriverIRQHandler
                0x00000262                SPI0_DriverIRQHandler
                0x00000262                ADC0_DriverIRQHandler
                0x00000262                CMP0_DriverIRQHandler
                0x00000262                CAN0_DriverIRQHandler
                0x00000262                FTM3_DriverIRQHandler
                0x00000262                DMA5_DriverIRQHandler
                0x00000262                UART1_ERR_DriverIRQHandler
                0x00000262                DMA2_DriverIRQHandler
                0x00000262                ENET_Transmit_DriverIRQHandler
                0x00000262                PORTD_DriverIRQHandler
                0x00000262                PORTE_DriverIRQHandler
                0x00000262                FTFE_DriverIRQHandler
                0x00000262                I2C0_DriverIRQHandler
                0x00000262                DMA7_DriverIRQHandler
                0x00000262                UART1_RX_TX_DriverIRQHandler
                0x00000400                . = 0x400
 *fill*         0x00000264      0x19c ff
                0x00000400                PROVIDE (__FLASH_CONFIG_START__, .)
 *(SORT_BY_ALIGNMENT(.FlashConfig))
 .FlashConfig   0x00000400       0x10 ./SDK/startup/startup_mk64f12.o
                0x00000400                Flash_Config
                0x00000410                PROVIDE (__FLASH_CONFIG_END__, .)
                0x00000001                ASSERT (! ((__FLASH_CONFIG_START__ == __FLASH_CONFIG_END__)), Linker Flash Config Support Enabled, but no .FlashConfig section provided within application)
 *(SORT_BY_ALIGNMENT(.text*))
 .text.App_Init
                0x00000410       0x20 ./source/App.o
                0x00000410                App_Init
 .text.App_Run  0x00000430       0x18 ./source/App.o
                0x00000430                App_Run
 .text.__NVIC_ClearPendingIRQ
                0x00000448       0x3c ./source/PIT.o
 .text.PIT0_IRQHandler
                0x00000484       0x34 ./source/PIT.o
                0x00000484                PIT0_IRQHandler
 .text.PIT1_IRQHandler
                0x000004b8       0x34 ./source/PIT.o
                0x000004b8                PIT1_IRQHandler
 .text.PIT2_IRQHandler
                0x000004ec       0x24 ./source/PIT.o
                0x000004ec                PIT2_IRQHandler
 .text.PIT3_IRQHandler
                0x00000510       0x24 ./source/PIT.o
                0x00000510                PIT3_IRQHandler
 .text.PORTA_IRQHandler
                0x00000534       0xe8 ./source/gpio.o
                0x00000534                PORTA_IRQHandler
 .text.PORTB_IRQHandler
                0x0000061c       0xe8 ./source/gpio.o
                0x0000061c                PORTB_IRQHandler
 .text.PORTC_IRQHandler
                0x00000704       0xe8 ./source/gpio.o
                0x00000704                PORTC_IRQHandler
 .text.PORTD_IRQHandler
                0x000007ec       0xe8 ./source/gpio.o
                0x000007ec                PORTD_IRQHandler
 .text.PORTE_IRQHandler
                0x000008d4       0xe8 ./source/gpio.o
                0x000008d4                PORTE_IRQHandler
 .text.__NVIC_EnableIRQ
                0x000009bc       0x3c ./source/uart.o
 .text.__NVIC_SetPriority
                0x000009f8       0x54 ./source/uart.o
 .text.uartInit
                0x00000a4c      0x20c ./source/uart.o
                0x00000a4c                uartInit
 .text.writeTXdata_CB
                0x00000c58       0x54 ./source/uart.o
 .text.setTxInterrupt
                0x00000cac       0x50 ./source/uart.o
 .text.readRXdata_CB
                0x00000cfc       0x58 ./source/uart.o
 .text.setRxInterrupt
                0x00000d54       0x54 ./source/uart.o
 .text.UART0_RX_TX_IRQHandler
                0x00000da8       0xbc ./source/uart.o
                0x00000da8                UART0_RX_TX_IRQHandler
 .text.UART1_RX_TX_IRQHandler
                0x00000e64       0x8c ./source/uart.o
                0x00000e64                UART1_RX_TX_IRQHandler
 .text.UART2_RX_TX_IRQHandler
                0x00000ef0       0x8c ./source/uart.o
                0x00000ef0                UART2_RX_TX_IRQHandler
 .text.UART3_RX_TX_IRQHandler
                0x00000f7c       0x8c ./source/uart.o
                0x00000f7c                UART3_RX_TX_IRQHandler
 .text.UART4_RX_TX_IRQHandler
                0x00001008       0x8c ./source/uart.o
                0x00001008                UART4_RX_TX_IRQHandler
 .text.SetUARTBaudrate
                0x00001094       0xbc ./source/uart.o
 .text.hw_Init  0x00001150      0x10c ./SDK/startup/hardware.o
                0x00001150                hw_Init
 .text.hw_EnableInterrupts
                0x0000125c       0x30 ./SDK/startup/hardware.o
                0x0000125c                hw_EnableInterrupts
 .text.hw_DisableInterrupts
                0x0000128c       0x20 ./SDK/startup/hardware.o
                0x0000128c                hw_DisableInterrupts
 .text.SystemInit
                0x000012ac       0x3c ./SDK/CMSIS/system_MK64F12.o
                0x000012ac                SystemInit
 .text.delayLoop
                0x000012e8       0x20 ./source/App.o
 .text.getNext  0x00001308       0x84 ./source/Queue.o
                0x00001308                getNext
 .text.put      0x0000138c       0xa6 ./source/Queue.o
                0x0000138c                put
 .text.getFillLevel
                0x00001432       0x36 ./source/Queue.o
                0x00001432                getFillLevel
 .text.gpioMode
                0x00001468      0x1d2 ./source/gpio.o
                0x00001468                gpioMode
 .text.gpioToggle
                0x0000163a       0x42 ./source/gpio.o
                0x0000163a                gpioToggle
 .text.gpioWrite
                0x0000167c       0x46 ./source/gpio.o
                0x0000167c                gpioWrite
 .text.main     0x000016c2       0x1a ./SDK/startup/main.o
                0x000016c2                main
 .text.HardFault_Handler
                0x000016dc       0x2c ./SDK/startup/semihost_hardfault.o
                0x000016dc                HardFault_Handler
 .text.DMA0_IRQHandler
                0x00001708        0x8 ./SDK/startup/startup_mk64f12.o
                0x00001708                DMA0_IRQHandler
 .text.DMA1_IRQHandler
                0x00001710        0x8 ./SDK/startup/startup_mk64f12.o
                0x00001710                DMA1_IRQHandler
 .text.DMA2_IRQHandler
                0x00001718        0x8 ./SDK/startup/startup_mk64f12.o
                0x00001718                DMA2_IRQHandler
 .text.DMA3_IRQHandler
                0x00001720        0x8 ./SDK/startup/startup_mk64f12.o
                0x00001720                DMA3_IRQHandler
 .text.DMA4_IRQHandler
                0x00001728        0x8 ./SDK/startup/startup_mk64f12.o
                0x00001728                DMA4_IRQHandler
 .text.DMA5_IRQHandler
                0x00001730        0x8 ./SDK/startup/startup_mk64f12.o
                0x00001730                DMA5_IRQHandler
 .text.DMA6_IRQHandler
                0x00001738        0x8 ./SDK/startup/startup_mk64f12.o
                0x00001738                DMA6_IRQHandler
 .text.DMA7_IRQHandler
                0x00001740        0x8 ./SDK/startup/startup_mk64f12.o
                0x00001740                DMA7_IRQHandler
 .text.DMA8_IRQHandler
                0x00001748        0x8 ./SDK/startup/startup_mk64f12.o
                0x00001748                DMA8_IRQHandler
 .text.DMA9_IRQHandler
                0x00001750        0x8 ./SDK/startup/startup_mk64f12.o
                0x00001750                DMA9_IRQHandler
 .text.DMA10_IRQHandler
                0x00001758        0x8 ./SDK/startup/startup_mk64f12.o
                0x00001758                DMA10_IRQHandler
 .text.DMA11_IRQHandler
                0x00001760        0x8 ./SDK/startup/startup_mk64f12.o
                0x00001760                DMA11_IRQHandler
 .text.DMA12_IRQHandler
                0x00001768        0x8 ./SDK/startup/startup_mk64f12.o
                0x00001768                DMA12_IRQHandler
 .text.DMA13_IRQHandler
                0x00001770        0x8 ./SDK/startup/startup_mk64f12.o
                0x00001770                DMA13_IRQHandler
 .text.DMA14_IRQHandler
                0x00001778        0x8 ./SDK/startup/startup_mk64f12.o
                0x00001778                DMA14_IRQHandler
 .text.DMA15_IRQHandler
                0x00001780        0x8 ./SDK/startup/startup_mk64f12.o
                0x00001780                DMA15_IRQHandler
 .text.DMA_Error_IRQHandler
                0x00001788        0x8 ./SDK/startup/startup_mk64f12.o
                0x00001788                DMA_Error_IRQHandler
 .text.MCM_IRQHandler
                0x00001790        0x8 ./SDK/startup/startup_mk64f12.o
                0x00001790                MCM_IRQHandler
 .text.FTFE_IRQHandler
                0x00001798        0x8 ./SDK/startup/startup_mk64f12.o
                0x00001798                FTFE_IRQHandler
 .text.Read_Collision_IRQHandler
                0x000017a0        0x8 ./SDK/startup/startup_mk64f12.o
                0x000017a0                Read_Collision_IRQHandler
 .text.LVD_LVW_IRQHandler
                0x000017a8        0x8 ./SDK/startup/startup_mk64f12.o
                0x000017a8                LVD_LVW_IRQHandler
 .text.LLWU_IRQHandler
                0x000017b0        0x8 ./SDK/startup/startup_mk64f12.o
                0x000017b0                LLWU_IRQHandler
 .text.WDOG_EWM_IRQHandler
                0x000017b8        0x8 ./SDK/startup/startup_mk64f12.o
                0x000017b8                WDOG_EWM_IRQHandler
 .text.RNG_IRQHandler
                0x000017c0        0x8 ./SDK/startup/startup_mk64f12.o
                0x000017c0                RNG_IRQHandler
 .text.I2C0_IRQHandler
                0x000017c8        0x8 ./SDK/startup/startup_mk64f12.o
                0x000017c8                I2C0_IRQHandler
 .text.I2C1_IRQHandler
                0x000017d0        0x8 ./SDK/startup/startup_mk64f12.o
                0x000017d0                I2C1_IRQHandler
 .text.SPI0_IRQHandler
                0x000017d8        0x8 ./SDK/startup/startup_mk64f12.o
                0x000017d8                SPI0_IRQHandler
 .text.SPI1_IRQHandler
                0x000017e0        0x8 ./SDK/startup/startup_mk64f12.o
                0x000017e0                SPI1_IRQHandler
 .text.I2S0_Tx_IRQHandler
                0x000017e8        0x8 ./SDK/startup/startup_mk64f12.o
                0x000017e8                I2S0_Tx_IRQHandler
 .text.I2S0_Rx_IRQHandler
                0x000017f0        0x8 ./SDK/startup/startup_mk64f12.o
                0x000017f0                I2S0_Rx_IRQHandler
 .text.UART0_LON_IRQHandler
                0x000017f8        0x8 ./SDK/startup/startup_mk64f12.o
                0x000017f8                UART0_LON_IRQHandler
 .text.UART0_ERR_IRQHandler
                0x00001800        0x8 ./SDK/startup/startup_mk64f12.o
                0x00001800                UART0_ERR_IRQHandler
 .text.UART1_ERR_IRQHandler
                0x00001808        0x8 ./SDK/startup/startup_mk64f12.o
                0x00001808                UART1_ERR_IRQHandler
 .text.UART2_ERR_IRQHandler
                0x00001810        0x8 ./SDK/startup/startup_mk64f12.o
                0x00001810                UART2_ERR_IRQHandler
 .text.UART3_ERR_IRQHandler
                0x00001818        0x8 ./SDK/startup/startup_mk64f12.o
                0x00001818                UART3_ERR_IRQHandler
 .text.ADC0_IRQHandler
                0x00001820        0x8 ./SDK/startup/startup_mk64f12.o
                0x00001820                ADC0_IRQHandler
 .text.CMP0_IRQHandler
                0x00001828        0x8 ./SDK/startup/startup_mk64f12.o
                0x00001828                CMP0_IRQHandler
 .text.CMP1_IRQHandler
                0x00001830        0x8 ./SDK/startup/startup_mk64f12.o
                0x00001830                CMP1_IRQHandler
 .text.FTM0_IRQHandler
                0x00001838        0x8 ./SDK/startup/startup_mk64f12.o
                0x00001838                FTM0_IRQHandler
 .text.FTM1_IRQHandler
                0x00001840        0x8 ./SDK/startup/startup_mk64f12.o
                0x00001840                FTM1_IRQHandler
 .text.FTM2_IRQHandler
                0x00001848        0x8 ./SDK/startup/startup_mk64f12.o
                0x00001848                FTM2_IRQHandler
 .text.CMT_IRQHandler
                0x00001850        0x8 ./SDK/startup/startup_mk64f12.o
                0x00001850                CMT_IRQHandler
 .text.RTC_IRQHandler
                0x00001858        0x8 ./SDK/startup/startup_mk64f12.o
                0x00001858                RTC_IRQHandler
 .text.RTC_Seconds_IRQHandler
                0x00001860        0x8 ./SDK/startup/startup_mk64f12.o
                0x00001860                RTC_Seconds_IRQHandler
 .text.PDB0_IRQHandler
                0x00001868        0x8 ./SDK/startup/startup_mk64f12.o
                0x00001868                PDB0_IRQHandler
 .text.USB0_IRQHandler
                0x00001870        0x8 ./SDK/startup/startup_mk64f12.o
                0x00001870                USB0_IRQHandler
 .text.USBDCD_IRQHandler
                0x00001878        0x8 ./SDK/startup/startup_mk64f12.o
                0x00001878                USBDCD_IRQHandler
 .text.Reserved71_IRQHandler
                0x00001880        0x8 ./SDK/startup/startup_mk64f12.o
                0x00001880                Reserved71_IRQHandler
 .text.DAC0_IRQHandler
                0x00001888        0x8 ./SDK/startup/startup_mk64f12.o
                0x00001888                DAC0_IRQHandler
 .text.MCG_IRQHandler
                0x00001890        0x8 ./SDK/startup/startup_mk64f12.o
                0x00001890                MCG_IRQHandler
 .text.LPTMR0_IRQHandler
                0x00001898        0x8 ./SDK/startup/startup_mk64f12.o
                0x00001898                LPTMR0_IRQHandler
 .text.SWI_IRQHandler
                0x000018a0        0x8 ./SDK/startup/startup_mk64f12.o
                0x000018a0                SWI_IRQHandler
 .text.SPI2_IRQHandler
                0x000018a8        0x8 ./SDK/startup/startup_mk64f12.o
                0x000018a8                SPI2_IRQHandler
 .text.UART4_ERR_IRQHandler
                0x000018b0        0x8 ./SDK/startup/startup_mk64f12.o
                0x000018b0                UART4_ERR_IRQHandler
 .text.UART5_RX_TX_IRQHandler
                0x000018b8        0x8 ./SDK/startup/startup_mk64f12.o
                0x000018b8                UART5_RX_TX_IRQHandler
 .text.UART5_ERR_IRQHandler
                0x000018c0        0x8 ./SDK/startup/startup_mk64f12.o
                0x000018c0                UART5_ERR_IRQHandler
 .text.CMP2_IRQHandler
                0x000018c8        0x8 ./SDK/startup/startup_mk64f12.o
                0x000018c8                CMP2_IRQHandler
 .text.FTM3_IRQHandler
                0x000018d0        0x8 ./SDK/startup/startup_mk64f12.o
                0x000018d0                FTM3_IRQHandler
 .text.DAC1_IRQHandler
                0x000018d8        0x8 ./SDK/startup/startup_mk64f12.o
                0x000018d8                DAC1_IRQHandler
 .text.ADC1_IRQHandler
                0x000018e0        0x8 ./SDK/startup/startup_mk64f12.o
                0x000018e0                ADC1_IRQHandler
 .text.I2C2_IRQHandler
                0x000018e8        0x8 ./SDK/startup/startup_mk64f12.o
                0x000018e8                I2C2_IRQHandler
 .text.CAN0_ORed_Message_buffer_IRQHandler
                0x000018f0        0x8 ./SDK/startup/startup_mk64f12.o
                0x000018f0                CAN0_ORed_Message_buffer_IRQHandler
 .text.CAN0_Bus_Off_IRQHandler
                0x000018f8        0x8 ./SDK/startup/startup_mk64f12.o
                0x000018f8                CAN0_Bus_Off_IRQHandler
 .text.CAN0_Error_IRQHandler
                0x00001900        0x8 ./SDK/startup/startup_mk64f12.o
                0x00001900                CAN0_Error_IRQHandler
 .text.CAN0_Tx_Warning_IRQHandler
                0x00001908        0x8 ./SDK/startup/startup_mk64f12.o
                0x00001908                CAN0_Tx_Warning_IRQHandler
 .text.CAN0_Rx_Warning_IRQHandler
                0x00001910        0x8 ./SDK/startup/startup_mk64f12.o
                0x00001910                CAN0_Rx_Warning_IRQHandler
 .text.CAN0_Wake_Up_IRQHandler
                0x00001918        0x8 ./SDK/startup/startup_mk64f12.o
                0x00001918                CAN0_Wake_Up_IRQHandler
 .text.SDHC_IRQHandler
                0x00001920        0x8 ./SDK/startup/startup_mk64f12.o
                0x00001920                SDHC_IRQHandler
 .text.ENET_1588_Timer_IRQHandler
                0x00001928        0x8 ./SDK/startup/startup_mk64f12.o
                0x00001928                ENET_1588_Timer_IRQHandler
 .text.ENET_Transmit_IRQHandler
                0x00001930        0x8 ./SDK/startup/startup_mk64f12.o
                0x00001930                ENET_Transmit_IRQHandler
 .text.ENET_Receive_IRQHandler
                0x00001938        0x8 ./SDK/startup/startup_mk64f12.o
                0x00001938                ENET_Receive_IRQHandler
 .text.ENET_Error_IRQHandler
                0x00001940        0x8 ./SDK/startup/startup_mk64f12.o
                0x00001940                ENET_Error_IRQHandler
 .text.SystemInitHook
                0x00001948        0xe ./SDK/CMSIS/system_MK64F12.o
                0x00001948                SystemInitHook
 *(SORT_BY_ALIGNMENT(.rodata) SORT_BY_ALIGNMENT(.rodata.*) SORT_BY_ALIGNMENT(.constdata) SORT_BY_ALIGNMENT(.constdata.*))
 *fill*         0x00001956        0x2 ff
 .rodata.UARTs  0x00001958       0x18 ./source/uart.o
 .rodata.UARTs_IRQ
                0x00001970        0x6 ./source/uart.o
 *fill*         0x00001976        0x2 ff
 .rodata.PORTs  0x00001978       0x14 ./source/uart.o
 .rodata.PINs   0x0000198c        0xa ./source/uart.o
 *fill*         0x00001996        0x2 ff
 .rodata.TxQueues
                0x00001998        0x8 ./source/uart.o
 .rodata.RxQueues
                0x000019a0        0x8 ./source/uart.o
                0x000019a8                . = ALIGN (0x8)

.glue_7         0x000019a8        0x0
 .glue_7        0x000019a8        0x0 linker stubs

.glue_7t        0x000019a8        0x0
 .glue_7t       0x000019a8        0x0 linker stubs

.vfp11_veneer   0x000019a8        0x0
 .vfp11_veneer  0x000019a8        0x0 linker stubs

.v4_bx          0x000019a8        0x0
 .v4_bx         0x000019a8        0x0 linker stubs

.iplt           0x000019a8        0x0
 .iplt          0x000019a8        0x0 ./source/App.o

.rel.dyn        0x000019a8        0x0
 .rel.iplt      0x000019a8        0x0 ./source/App.o

.ARM.extab
 *(SORT_BY_ALIGNMENT(.ARM.extab*) SORT_BY_ALIGNMENT(.gnu.linkonce.armextab.*))
                0x000019a8                __exidx_start = .

.ARM.exidx
 *(SORT_BY_ALIGNMENT(.ARM.exidx*) SORT_BY_ALIGNMENT(.gnu.linkonce.armexidx.*))
                0x000019a8                __exidx_end = .
                0x000019a8                _etext = .

.m_usb_data
 *(SORT_BY_ALIGNMENT(m_usb_bdt))

.data_RAM2      0x1fff0000        0x0 load address 0x000019a8
 FILL mask 0xff
                [!provide]                PROVIDE (__start_data_RAM2, .)
 *(SORT_BY_ALIGNMENT(.ramfunc.$RAM2))
 *(SORT_BY_ALIGNMENT(.ramfunc.$SRAM_LOWER))
 *(SORT_BY_ALIGNMENT(.data.$RAM2*))
 *(SORT_BY_ALIGNMENT(.data.$SRAM_LOWER*))
                0x1fff0000                . = ALIGN (0x8)
                [!provide]                PROVIDE (__end_data_RAM2, .)

.data_RAM3      0x14000000        0x0 load address 0x000019a8
 FILL mask 0xff
                [!provide]                PROVIDE (__start_data_RAM3, .)
 *(SORT_BY_ALIGNMENT(.ramfunc.$RAM3))
 *(SORT_BY_ALIGNMENT(.ramfunc.$FLEX_RAM))
 *(SORT_BY_ALIGNMENT(.data.$RAM3*))
 *(SORT_BY_ALIGNMENT(.data.$FLEX_RAM*))
                0x14000000                . = ALIGN (0x8)
                [!provide]                PROVIDE (__end_data_RAM3, .)

.uninit_RESERVED
                0x20000000        0x0
 *(SORT_BY_ALIGNMENT(.bss.$RESERVED*))
                0x20000000                . = ALIGN (0x4)
                0x20000000                _end_uninit_RESERVED = .

.data           0x20000000     0x1f70 load address 0x000019a8
 FILL mask 0xff
                0x20000000                _data = .
 *(SORT_BY_ALIGNMENT(vtable))
 *(SORT_BY_ALIGNMENT(.ramfunc*))
 *(SORT_BY_ALIGNMENT(.data*))
 .data.uartConfig
                0x20000000        0xc ./source/App.o
 .data.RX0queue
                0x2000000c      0x7d8 ./source/uart.o
 .data.TX0queue
                0x200007e4      0x7d8 ./source/uart.o
 .data.RX1queue
                0x20000fbc      0x7d8 ./source/uart.o
 .data.TX1queue
                0x20001794      0x7d8 ./source/uart.o
 .data.id.6989  0x20001f6c        0x1 ./source/uart.o
 .data.id.7003  0x20001f6d        0x1 ./source/uart.o
 .data.id.7017  0x20001f6e        0x1 ./source/uart.o
 .data.id.7031  0x20001f6f        0x1 ./source/uart.o
                0x20001f70                . = ALIGN (0x8)
                0x20001f70                _edata = .

.igot.plt       0x20001f70        0x0 load address 0x00003918
 .igot.plt      0x20001f70        0x0 ./source/App.o

.bss_RAM2       0x1fff0000        0x0
                [!provide]                PROVIDE (__start_bss_RAM2, .)
 *(SORT_BY_ALIGNMENT(.bss.$RAM2*))
 *(SORT_BY_ALIGNMENT(.bss.$SRAM_LOWER*))
                0x1fff0000                . = ALIGN ((. != 0x0)?0x8:0x1)
                [!provide]                PROVIDE (__end_bss_RAM2, .)

.bss_RAM3       0x14000000        0x0
                [!provide]                PROVIDE (__start_bss_RAM3, .)
 *(SORT_BY_ALIGNMENT(.bss.$RAM3*))
 *(SORT_BY_ALIGNMENT(.bss.$FLEX_RAM*))
                0x14000000                . = ALIGN ((. != 0x0)?0x8:0x1)
                [!provide]                PROVIDE (__end_bss_RAM3, .)

.bss            0x20001f70      0x2b0
                0x20001f70                _bss = .
 *(SORT_BY_ALIGNMENT(.bss*))
 .bss.timer     0x20001f70       0x20 ./source/PIT.o
 .bss.PORTA_CBs
                0x20001f90       0x80 ./source/gpio.o
 .bss.PORTB_CBs
                0x20002010       0x80 ./source/gpio.o
 .bss.PORTC_CBs
                0x20002090       0x80 ./source/gpio.o
 .bss.PORTD_CBs
                0x20002110       0x80 ./source/gpio.o
 .bss.PORTE_CBs
                0x20002190       0x80 ./source/gpio.o
 .bss.__LDM_interruptDisableCount
                0x20002210        0x4 ./SDK/startup/hardware.o
 .bss.status.6977
                0x20002214        0x1 ./source/uart.o
 .bss.state.6976
                0x20002215        0x1 ./source/uart.o
 .bss.id.6975   0x20002216        0x1 ./source/uart.o
 .bss.status.6991
                0x20002217        0x1 ./source/uart.o
 .bss.state.6990
                0x20002218        0x1 ./source/uart.o
 .bss.status.7005
                0x20002219        0x1 ./source/uart.o
 .bss.state.7004
                0x2000221a        0x1 ./source/uart.o
 .bss.status.7019
                0x2000221b        0x1 ./source/uart.o
 .bss.state.7018
                0x2000221c        0x1 ./source/uart.o
 .bss.status.7033
                0x2000221d        0x1 ./source/uart.o
 .bss.state.7032
                0x2000221e        0x1 ./source/uart.o
 *(SORT_BY_ALIGNMENT(COMMON))
                0x20002220                . = ALIGN (0x8)
 *fill*         0x2000221f        0x1 
                0x20002220                _ebss = .
                [!provide]                PROVIDE (end, .)

.noinit_RAM2    0x1fff0000        0x0
 *(SORT_BY_ALIGNMENT(.noinit.$RAM2*))
 *(SORT_BY_ALIGNMENT(.noinit.$SRAM_LOWER*))
                0x1fff0000                . = ALIGN (0x8)

.noinit_RAM3    0x14000000        0x0
 *(SORT_BY_ALIGNMENT(.noinit.$RAM3*))
 *(SORT_BY_ALIGNMENT(.noinit.$FLEX_RAM*))
                0x14000000                . = ALIGN (0x8)

.noinit         0x20002220        0x0
                0x20002220                _noinit = .
 *(SORT_BY_ALIGNMENT(.noinit*))
                0x20002220                . = ALIGN (0x8)
                0x20002220                _end_noinit = .
                0x00001000                _HeapSize = 0x1000

.heap           0x20002220     0x1000
                0x20002220                _pvHeapStart = .
                0x20003220                . = (. + _HeapSize)
 *fill*         0x20002220     0x1000 
                0x20003220                . = ALIGN (0x8)
                0x20003220                _pvHeapLimit = .
                0x00001000                _StackSize = 0x1000

.heap2stackfill
                0x20003220     0x1000
                0x20004220                . = (. + _StackSize)
 *fill*         0x20003220     0x1000 

.stack          0x2002f000        0x0
                0x2002f000                _vStackBase = .
                0x2002f000                . = ALIGN (0x8)
                0x20030000                _vStackTop = (. + _StackSize)
                0x00000000                _image_start = LOADADDR (.text)
                0x00003918                _image_end = (LOADADDR (.data) + SIZEOF (.data))
                0x00003918                _image_size = (_image_end - _image_start)
OUTPUT(Reproductor_MP3.axf elf32-littlearm)

.debug_info     0x00000000     0x4687
 .debug_info    0x00000000      0x16d ./source/App.o
 .debug_info    0x0000016d      0x90e ./source/PIT.o
 .debug_info    0x00000a7b      0xaf7 ./source/Queue.o
 .debug_info    0x00001572      0x87f ./source/gpio.o
 .debug_info    0x00001df1     0x1283 ./source/uart.o
 .debug_info    0x00003074      0x675 ./SDK/startup/hardware.o
 .debug_info    0x000036e9       0xb7 ./SDK/startup/main.o
 .debug_info    0x000037a0       0x3b ./SDK/startup/semihost_hardfault.o
 .debug_info    0x000037db      0x8b0 ./SDK/startup/startup_mk64f12.o
 .debug_info    0x0000408b      0x5fc ./SDK/CMSIS/system_MK64F12.o

.debug_abbrev   0x00000000      0xe86
 .debug_abbrev  0x00000000       0xc7 ./source/App.o
 .debug_abbrev  0x000000c7      0x230 ./source/PIT.o
 .debug_abbrev  0x000002f7      0x236 ./source/Queue.o
 .debug_abbrev  0x0000052d      0x227 ./source/gpio.o
 .debug_abbrev  0x00000754      0x2b3 ./source/uart.o
 .debug_abbrev  0x00000a07      0x138 ./SDK/startup/hardware.o
 .debug_abbrev  0x00000b3f       0x7d ./SDK/startup/main.o
 .debug_abbrev  0x00000bbc       0x2f ./SDK/startup/semihost_hardfault.o
 .debug_abbrev  0x00000beb      0x15c ./SDK/startup/startup_mk64f12.o
 .debug_abbrev  0x00000d47      0x13f ./SDK/CMSIS/system_MK64F12.o

.debug_aranges  0x00000000      0x5f0
 .debug_aranges
                0x00000000       0x30 ./source/App.o
 .debug_aranges
                0x00000030       0x88 ./source/PIT.o
 .debug_aranges
                0x000000b8       0x50 ./source/Queue.o
 .debug_aranges
                0x00000108       0x70 ./source/gpio.o
 .debug_aranges
                0x00000178       0xa8 ./source/uart.o
 .debug_aranges
                0x00000220       0x30 ./SDK/startup/hardware.o
 .debug_aranges
                0x00000250       0x20 ./SDK/startup/main.o
 .debug_aranges
                0x00000270       0x20 ./SDK/startup/semihost_hardfault.o
 .debug_aranges
                0x00000290      0x330 ./SDK/startup/startup_mk64f12.o
 .debug_aranges
                0x000005c0       0x30 ./SDK/CMSIS/system_MK64F12.o

.debug_ranges   0x00000000      0x550
 .debug_ranges  0x00000000       0x20 ./source/App.o
 .debug_ranges  0x00000020       0x78 ./source/PIT.o
 .debug_ranges  0x00000098       0x40 ./source/Queue.o
 .debug_ranges  0x000000d8       0x60 ./source/gpio.o
 .debug_ranges  0x00000138       0x98 ./source/uart.o
 .debug_ranges  0x000001d0       0x20 ./SDK/startup/hardware.o
 .debug_ranges  0x000001f0       0x10 ./SDK/startup/main.o
 .debug_ranges  0x00000200       0x10 ./SDK/startup/semihost_hardfault.o
 .debug_ranges  0x00000210      0x320 ./SDK/startup/startup_mk64f12.o
 .debug_ranges  0x00000530       0x20 ./SDK/CMSIS/system_MK64F12.o

.debug_macro    0x00000000    0x12220
 .debug_macro   0x00000000       0x4e ./source/App.o
 .debug_macro   0x0000004e      0xa5a ./source/App.o
 .debug_macro   0x00000aa8      0x34e ./source/App.o
 .debug_macro   0x00000df6       0x22 ./source/App.o
 .debug_macro   0x00000e18       0x4c ./source/App.o
 .debug_macro   0x00000e64       0x3a ./source/App.o
 .debug_macro   0x00000e9e       0x10 ./source/App.o
 .debug_macro   0x00000eae       0xb8 ./source/PIT.o
 .debug_macro   0x00000f66       0x5c ./source/PIT.o
 .debug_macro   0x00000fc2       0x1c ./source/PIT.o
 .debug_macro   0x00000fde       0x22 ./source/PIT.o
 .debug_macro   0x00001000       0xdf ./source/PIT.o
 .debug_macro   0x000010df      0xecf ./source/PIT.o
 .debug_macro   0x00001fae       0x48 ./source/PIT.o
 .debug_macro   0x00001ff6     0xe07b ./source/PIT.o
 .debug_macro   0x00010071       0x10 ./source/PIT.o
 .debug_macro   0x00010081     0x122b ./source/PIT.o
 .debug_macro   0x000112ac       0x16 ./source/PIT.o
 .debug_macro   0x000112c2       0x16 ./source/PIT.o
 .debug_macro   0x000112d8       0x52 ./source/PIT.o
 .debug_macro   0x0001132a      0x122 ./source/Queue.o
 .debug_macro   0x0001144c       0x17 ./source/Queue.o
 .debug_macro   0x00011463       0x22 ./source/Queue.o
 .debug_macro   0x00011485       0x52 ./source/Queue.o
 .debug_macro   0x000114d7       0x8d ./source/Queue.o
 .debug_macro   0x00011564       0x35 ./source/Queue.o
 .debug_macro   0x00011599       0x9c ./source/Queue.o
 .debug_macro   0x00011635       0x16 ./source/Queue.o
 .debug_macro   0x0001164b      0x10e ./source/Queue.o
 .debug_macro   0x00011759       0x8d ./source/Queue.o
 .debug_macro   0x000117e6       0x57 ./source/Queue.o
 .debug_macro   0x0001183d       0x58 ./source/Queue.o
 .debug_macro   0x00011895       0x1f ./source/Queue.o
 .debug_macro   0x000118b4       0x43 ./source/Queue.o
 .debug_macro   0x000118f7       0x20 ./source/Queue.o
 .debug_macro   0x00011917      0x18e ./source/Queue.o
 .debug_macro   0x00011aa5      0x330 ./source/Queue.o
 .debug_macro   0x00011dd5       0x16 ./source/Queue.o
 .debug_macro   0x00011deb       0x29 ./source/Queue.o
 .debug_macro   0x00011e14       0x8f ./source/gpio.o
 .debug_macro   0x00011ea3       0x4c ./source/gpio.o
 .debug_macro   0x00011eef       0xe9 ./source/uart.o
 .debug_macro   0x00011fd8       0x46 ./source/uart.o
 .debug_macro   0x0001201e       0x10 ./source/uart.o
 .debug_macro   0x0001202e       0x9c ./SDK/startup/hardware.o
 .debug_macro   0x000120ca       0x9c ./SDK/startup/main.o
 .debug_macro   0x00012166       0x11 ./SDK/startup/semihost_hardfault.o
 .debug_macro   0x00012177       0x29 ./SDK/startup/startup_mk64f12.o
 .debug_macro   0x000121a0       0x80 ./SDK/CMSIS/system_MK64F12.o

.debug_line     0x00000000     0x1b23
 .debug_line    0x00000000      0x108 ./source/App.o
 .debug_line    0x00000108      0x2c2 ./source/PIT.o
 .debug_line    0x000003ca      0x38d ./source/Queue.o
 .debug_line    0x00000757      0x344 ./source/gpio.o
 .debug_line    0x00000a9b      0x435 ./source/uart.o
 .debug_line    0x00000ed0      0x1da ./SDK/startup/hardware.o
 .debug_line    0x000010aa      0x17b ./SDK/startup/main.o
 .debug_line    0x00001225       0x59 ./SDK/startup/semihost_hardfault.o
 .debug_line    0x0000127e      0x6d8 ./SDK/startup/startup_mk64f12.o
 .debug_line    0x00001956      0x1cd ./SDK/CMSIS/system_MK64F12.o

.debug_str      0x00000000    0x7bd8c
 .debug_str     0x00000000     0x3939 ./source/App.o
                               0x3aa2 (size before relaxing)
 .debug_str     0x00003939    0x73ef0 ./source/PIT.o
                              0x7789c (size before relaxing)
 .debug_str     0x00077829     0x3406 ./source/Queue.o
                               0x6ce6 (size before relaxing)
 .debug_str     0x0007ac2f      0x423 ./source/gpio.o
                              0x70f47 (size before relaxing)
 .debug_str     0x0007b052      0x43a ./source/uart.o
                              0x77e3f (size before relaxing)
 .debug_str     0x0007b48c      0x11b ./SDK/startup/hardware.o
                              0x771df (size before relaxing)
 .debug_str     0x0007b5a7       0x1b ./SDK/startup/main.o
                              0x76fb3 (size before relaxing)
 .debug_str     0x0007b5c2       0x36 ./SDK/startup/semihost_hardfault.o
                               0x2d19 (size before relaxing)
 .debug_str     0x0007b5f8      0x732 ./SDK/startup/startup_mk64f12.o
                               0x3587 (size before relaxing)
 .debug_str     0x0007bd2a       0x62 ./SDK/CMSIS/system_MK64F12.o
                              0x770ee (size before relaxing)

.comment        0x00000000       0x7e
 .comment       0x00000000       0x7e ./source/App.o
                                 0x7f (size before relaxing)
 .comment       0x0000007e       0x7f ./source/PIT.o
 .comment       0x0000007e       0x7f ./source/Queue.o
 .comment       0x0000007e       0x7f ./source/gpio.o
 .comment       0x0000007e       0x7f ./source/uart.o
 .comment       0x0000007e       0x7f ./SDK/startup/hardware.o
 .comment       0x0000007e       0x7f ./SDK/startup/main.o
 .comment       0x0000007e       0x7f ./SDK/startup/semihost_hardfault.o
 .comment       0x0000007e       0x7f ./SDK/startup/startup_mk64f12.o
 .comment       0x0000007e       0x7f ./SDK/CMSIS/system_MK64F12.o

.ARM.attributes
                0x00000000       0x39
 .ARM.attributes
                0x00000000       0x39 ./source/App.o
 .ARM.attributes
                0x00000039       0x39 ./source/PIT.o
 .ARM.attributes
                0x00000072       0x39 ./source/Queue.o
 .ARM.attributes
                0x000000ab       0x39 ./source/gpio.o
 .ARM.attributes
                0x000000e4       0x39 ./source/uart.o
 .ARM.attributes
                0x0000011d       0x39 ./SDK/startup/hardware.o
 .ARM.attributes
                0x00000156       0x39 ./SDK/startup/main.o
 .ARM.attributes
                0x0000018f       0x39 ./SDK/startup/semihost_hardfault.o
 .ARM.attributes
                0x000001c8       0x39 ./SDK/startup/startup_mk64f12.o
 .ARM.attributes
                0x00000201       0x39 ./SDK/CMSIS/system_MK64F12.o

.debug_frame    0x00000000     0x122c
 .debug_frame   0x00000000       0x70 ./source/App.o
 .debug_frame   0x00000070      0x204 ./source/PIT.o
 .debug_frame   0x00000274      0x120 ./source/Queue.o
 .debug_frame   0x00000394      0x1b0 ./source/gpio.o
 .debug_frame   0x00000544      0x2b4 ./source/uart.o
 .debug_frame   0x000007f8       0x70 ./SDK/startup/hardware.o
 .debug_frame   0x00000868       0x2c ./SDK/startup/main.o
 .debug_frame   0x00000894       0x20 ./SDK/startup/semihost_hardfault.o
 .debug_frame   0x000008b4      0x904 ./SDK/startup/startup_mk64f12.o
 .debug_frame   0x000011b8       0x74 ./SDK/CMSIS/system_MK64F12.o
